---
source: tests/integration_test.rs
description: "/home/jorge/github/auditd-parser/tests/data/go-libaudit/audit-rhel7.log:12"
expression: result
info: "type=DAEMON_CONFIG msg=audit(1490239800.477:34) config changed, auid=0 pid=1512 subj=system_u:system_r:unconfined_service_t:s0 res=success"
---
{
  "Err": {
    "Parse": "error Tag at:  config changed, auid=0 pid=1512 subj=system_u:system_r:unconfined_service_t:s0 res=success"
  }
}
