---
source: tests/integration_test.rs
description: "/home/jorge/github/auditd-parser/tests/data/auparse/test.log:12"
expression: result
info: "type=USER_END msg=audit(1170021601.366:299): user pid=13015 uid=0 auid=0 subj=system_u:system_r:crond_t:s0-s0:c0.c1023 msg='PAM: session close acct=root : exe=\"/usr/sbin/crond\" (hostname=?, addr=?, terminal=cron res=success)'"
---
{
  "Err": {
    "Parse": "error Char at:  pid=13015 uid=0 auid=0 subj=system_u:system_r:crond_t:s0-s0:c0.c1023 msg='PAM: session close acct=root : exe=\"/usr/sbin/crond\" (hostname=?, addr=?, terminal=cron res=success)'"
  }
}
