---
source: tests/integration_test.rs
expression: record
info: "type=PROCTITLE msg=audit(1451781471.394:194440): proctitle=737368643A206275726E205B707269765D"
---
{
  "record_type": "PROCTITLE",
  "timestamp": 1451781471394,
  "id": 194440,
  "fields": {
    "proctitle": "737368643A206275726E205B707269765D"
  }
}
