---
source: tests/integration_test.rs
expression: record
info: "type=CWD msg=audit(1655465404.819:27091): cwd=\"/usr/src/RPM/BUILD/zlib-1.2.11-alt1/contrib/minizip\""
---
{
  "record_type": "CWD",
  "timestamp": 1655465404819,
  "id": 27091,
  "fields": {
    "cwd": "/usr/src/RPM/BUILD/zlib-1.2.11-alt1/contrib/minizip"
  }
}
