---
source: tests/integration_test.rs
expression: record
info: "type=USER_ACCT msg=audit(1481077043.052:410): pid=1298 uid=0 auid=4294967295 ses=4294967295 subj=system_u:system_r:sshd_t:s0-s0:c0.c1023 msg='op=PAM:accounting grantors=pam_unix,pam_localuser acct=\"andrew_kroh\" exe=\"/usr/sbin/sshd\" hostname=pool-96-241-146-97.washdc.fios.verizon.net addr=96.241.146.97 terminal=ssh res=success'"
---
{
  "record_type": "USER_ACCT",
  "timestamp": 1481077043052,
  "id": 410,
  "fields": {
    "auid": null,
    "msg": {
      "acct": "andrew_kroh",
      "addr": "96.241.146.97",
      "exe": "/usr/sbin/sshd",
      "grantors": "pam_unix,pam_localuser",
      "hostname": "pool-96-241-146-97.washdc.fios.verizon.net",
      "op": "PAM:accounting",
      "res": "success",
      "terminal": "ssh"
    },
    "pid": "1298",
    "ses": "4294967295",
    "subj": {
      "level": {
        "category": "c0.c1023",
        "sensitivity": "s0-s0"
      },
      "module": "SELinux",
      "role": "system_r",
      "type": "sshd_t",
      "user": "system_u"
    },
    "uid": "root"
  }
}
