---
source: tests/integration_test.rs
expression: record
info: "type=CWD msg=audit(1481077231.371:479):  cwd=\"/home/andrew_kroh\""
---
{
  "record_type": "CWD",
  "timestamp": 1481077231371,
  "id": 479,
  "fields": {
    "cwd": "/home/andrew_kroh"
  }
}
