---
source: tests/integration_test.rs
description: "/home/jorge/github/auditd-parser/tests/data/synthetic/perm.log:5"
expression: result
info: "type=AVC msg=audit(1524662933.080:61207): perm=15"
---
{
  "record_type": "AVC",
  "timestamp": 1524662933080,
  "id": 61207,
  "fields": {
    "perm": [
      "exec",
      "write",
      "read",
      "attr"
    ]
  }
}
