---
source: tests/integration_test.rs
expression: record
info: "type=BPRM_FCAPS msg=audit(1481077308.360:529): fver=0 fp=0000000000000000 fi=0000000000000000 fe=0 old_pp=0000000000000000 old_pi=0000000000000000 old_pe=0000000000000000 new_pp=0000001fffffffff new_pi=0000000000000000 new_pe=0000001fffffffff"
---
{
  "record_type": "BPRM_FCAPS",
  "timestamp": 1481077308360,
  "id": 529,
  "fields": {
    "fe": 0,
    "fi": 0,
    "fp": 0,
    "fver": 0,
    "new_pe": "0000001fffffffff",
    "new_pi": 0,
    "new_pp": "0000001fffffffff",
    "old_pe": 0,
    "old_pi": 0,
    "old_pp": 0
  }
}
